// Jest Snapshot v1, https://goo.gl/fbAQLP

exports[`<Footer /> should render correctly 1`] = `
<footer
  className="page-footer"
>
  Copyright @ me
</footer>
`;
