// Jest Snapshot v1, https://goo.gl/fbAQLP

exports[`<Header /> should render correctly 1`] = `
<header
  className="page-header"
>
  <nav>
    <Link
      replace={false}
      to="/"
    >
      Home
    </Link>
    <Link
      replace={false}
      to="/about"
    >
      About
    </Link>
  </nav>
</header>
`;
