// Jest Snapshot v1, https://goo.gl/fbAQLP

exports[`<MainContent /> should render correctly 1`] = `
<main
  className="page-content"
>
  main content here
</main>
`;
